0 verbose cli C:\Program Files\nodejs\node.exe C:\Program Files\nodejs\node_modules\npm\bin\npm-cli.js
1 info using npm@11.12.1
2 info using node@v24.15.0
3 silly config load:file:C:\Program Files\nodejs\node_modules\npm\npmrc
4 silly config load:file:D:\其他\OpenCode\Connect-Core\.npmrc
5 silly config load:file:C:\Users\wsaasw\.npmrc
6 silly config load:file:C:\Users\wsaasw\AppData\Roaming\npm\etc\npmrc
7 verbose title npm install
8 verbose argv "install" "--ignore-scripts" "--cache" ".npm-cache" "--no-audit" "--no-fund"
9 verbose logfile logs-max:10 dir:D:\其他\OpenCode\Connect-Core\.npm-cache\_logs\2026-08-16T10_56_41_746Z-
10 verbose logfile D:\其他\OpenCode\Connect-Core\.npm-cache\_logs\2026-08-16T10_56_41_746Z-debug-0.log
11 silly logfile done cleaning log files
12 silly packumentCache heap:4496293888 maxSize:1124073472 maxEntrySize:562036736
13 silly idealTree buildDeps
14 silly fetch manifest yaml@^2.5.1
15 silly packumentCache full:https://registry.npmjs.org/yaml cache-miss
16 http cache https://registry.npmjs.org/yaml 11ms (cache hit)
17 silly packumentCache full:https://registry.npmjs.org/yaml set size:385754 disposed:false
18 silly fetch manifest @types/node@^24.0.0
19 silly packumentCache full:https://registry.npmjs.org/@types%2fnode cache-miss
20 http cache https://registry.npmjs.org/@types%2fnode 21ms (cache hit)
21 silly packumentCache full:https://registry.npmjs.org/@types%2fnode set size:11088606 disposed:false
22 silly fetch manifest tsx@^4.19.2
23 silly packumentCache full:https://registry.npmjs.org/tsx cache-miss
24 http cache https://registry.npmjs.org/tsx 6ms (cache hit)
25 silly packumentCache full:https://registry.npmjs.org/tsx set size:341667 disposed:false
26 silly fetch manifest typescript@^5.6.3
27 silly packumentCache full:https://registry.npmjs.org/typescript cache-miss
28 http cache https://registry.npmjs.org/typescript 30ms (cache hit)
29 silly packumentCache full:https://registry.npmjs.org/typescript set size:15560002 disposed:false
30 silly placeDep ROOT @types/node@24.13.3 OK for: connect-core@0.1.0 want: ^24.0.0
31 silly placeDep ROOT tsx@4.23.12 OK for: connect-core@0.1.0 want: ^4.19.2
32 silly placeDep ROOT typescript@5.9.3 OK for: connect-core@0.1.0 want: ^5.6.3
33 silly placeDep ROOT yaml@2.9.0 OK for: connect-core@0.1.0 want: ^2.5.1
34 silly fetch manifest undici-types@~7.18.0
35 silly packumentCache full:https://registry.npmjs.org/undici-types cache-miss
36 silly fetch manifest esbuild@~0.28.0
37 silly packumentCache full:https://registry.npmjs.org/esbuild cache-miss
38 silly fetch manifest fsevents@~2.3.3
39 silly packumentCache full:https://registry.npmjs.org/fsevents cache-miss
40 http cache https://registry.npmjs.org/fsevents 6ms (cache hit)
41 silly packumentCache full:https://registry.npmjs.org/fsevents set size:182472 disposed:false
42 http cache https://registry.npmjs.org/undici-types 9ms (cache hit)
43 silly packumentCache full:https://registry.npmjs.org/undici-types set size:250438 disposed:false
44 http cache https://registry.npmjs.org/esbuild 17ms (cache hit)
45 silly packumentCache full:https://registry.npmjs.org/esbuild set size:1264676 disposed:false
46 silly placeDep ROOT undici-types@7.18.2 OK for: @types/node@24.13.3 want: ~7.18.0
47 silly placeDep ROOT esbuild@0.28.2 OK for: tsx@4.23.12 want: ~0.28.0
48 silly placeDep ROOT fsevents@2.3.3 OK for: tsx@4.23.12 want: ~2.3.3
49 silly fetch manifest @esbuild/aix-ppc64@0.28.2
50 silly packumentCache full:https://registry.npmjs.org/@esbuild%2faix-ppc64 cache-miss
51 silly fetch manifest @esbuild/linux-arm@0.28.2
52 silly packumentCache full:https://registry.npmjs.org/@esbuild%2flinux-arm cache-miss
53 silly fetch manifest @esbuild/linux-x64@0.28.2
54 silly packumentCache full:https://registry.npmjs.org/@esbuild%2flinux-x64 cache-miss
55 silly fetch manifest @esbuild/sunos-x64@0.28.2
56 silly packumentCache full:https://registry.npmjs.org/@esbuild%2fsunos-x64 cache-miss
57 silly fetch manifest @esbuild/win32-x64@0.28.2
58 silly packumentCache full:https://registry.npmjs.org/@esbuild%2fwin32-x64 cache-miss
59 silly fetch manifest @esbuild/darwin-x64@0.28.2
60 silly packumentCache full:https://registry.npmjs.org/@esbuild%2fdarwin-x64 cache-miss
61 silly fetch manifest @esbuild/linux-ia32@0.28.2
62 silly packumentCache full:https://registry.npmjs.org/@esbuild%2flinux-ia32 cache-miss
63 silly fetch manifest @esbuild/netbsd-x64@0.28.2
64 silly packumentCache full:https://registry.npmjs.org/@esbuild%2fnetbsd-x64 cache-miss
65 silly fetch manifest @esbuild/win32-ia32@0.28.2
66 silly packumentCache full:https://registry.npmjs.org/@esbuild%2fwin32-ia32 cache-miss
67 silly fetch manifest @esbuild/android-arm@0.28.2
68 silly packumentCache full:https://registry.npmjs.org/@esbuild%2fandroid-arm cache-miss
69 silly fetch manifest @esbuild/android-x64@0.28.2
70 silly packumentCache full:https://registry.npmjs.org/@esbuild%2fandroid-x64 cache-miss
71 silly fetch manifest @esbuild/freebsd-x64@0.28.2
72 silly packumentCache full:https://registry.npmjs.org/@esbuild%2ffreebsd-x64 cache-miss
73 silly fetch manifest @esbuild/linux-arm64@0.28.2
74 silly packumentCache full:https://registry.npmjs.org/@esbuild%2flinux-arm64 cache-miss
75 silly fetch manifest @esbuild/linux-ppc64@0.28.2
76 silly packumentCache full:https://registry.npmjs.org/@esbuild%2flinux-ppc64 cache-miss
77 silly fetch manifest @esbuild/linux-s390x@0.28.2
78 silly packumentCache full:https://registry.npmjs.org/@esbuild%2flinux-s390x cache-miss
79 http cache https://registry.npmjs.org/@esbuild%2flinux-arm 23ms (cache hit)
80 silly packumentCache full:https://registry.npmjs.org/@esbuild%2flinux-arm set size:198596 disposed:false
81 silly fetch manifest @esbuild/openbsd-x64@0.28.2
82 silly packumentCache full:https://registry.npmjs.org/@esbuild%2fopenbsd-x64 cache-miss
83 http cache https://registry.npmjs.org/@esbuild%2flinux-ia32 25ms (cache hit)
84 silly packumentCache full:https://registry.npmjs.org/@esbuild%2flinux-ia32 set size:199625 disposed:false
85 silly fetch manifest @esbuild/win32-arm64@0.28.2
86 silly packumentCache full:https://registry.npmjs.org/@esbuild%2fwin32-arm64 cache-miss
87 http cache https://registry.npmjs.org/@esbuild%2fsunos-x64 27ms (cache hit)
88 silly packumentCache full:https://registry.npmjs.org/@esbuild%2fsunos-x64 set size:199187 disposed:false
89 silly fetch manifest @esbuild/darwin-arm64@0.28.2
90 silly packumentCache full:https://registry.npmjs.org/@esbuild%2fdarwin-arm64 cache-miss
91 http cache https://registry.npmjs.org/@esbuild%2fandroid-x64 29ms (cache hit)
92 silly packumentCache full:https://registry.npmjs.org/@esbuild%2fandroid-x64 set size:199017 disposed:false
93 silly fetch manifest @esbuild/netbsd-arm64@0.28.2
94 silly packumentCache full:https://registry.npmjs.org/@esbuild%2fnetbsd-arm64 cache-miss
95 http cache https://registry.npmjs.org/@esbuild%2faix-ppc64 33ms (cache hit)
96 silly packumentCache full:https://registry.npmjs.org/@esbuild%2faix-ppc64 set size:67797 disposed:false
97 silly fetch manifest @esbuild/android-arm64@0.28.2
98 silly packumentCache full:https://registry.npmjs.org/@esbuild%2fandroid-arm64 cache-miss
99 http cache https://registry.npmjs.org/@esbuild%2fnetbsd-x64 32ms (cache hit)
100 silly packumentCache full:https://registry.npmjs.org/@esbuild%2fnetbsd-x64 set size:197314 disposed:false
101 silly fetch manifest @esbuild/freebsd-arm64@0.28.2
102 silly packumentCache full:https://registry.npmjs.org/@esbuild%2ffreebsd-arm64 cache-miss
103 http cache https://registry.npmjs.org/@esbuild%2fwin32-x64 35ms (cache hit)
104 silly packumentCache full:https://registry.npmjs.org/@esbuild%2fwin32-x64 set size:197540 disposed:false
105 silly fetch manifest @esbuild/linux-loong64@0.28.2
106 silly packumentCache full:https://registry.npmjs.org/@esbuild%2flinux-loong64 cache-miss
107 http cache https://registry.npmjs.org/@esbuild%2fdarwin-x64 37ms (cache hit)
108 silly packumentCache full:https://registry.npmjs.org/@esbuild%2fdarwin-x64 set size:199670 disposed:false
109 silly fetch manifest @esbuild/linux-riscv64@0.28.2
110 silly packumentCache full:https://registry.npmjs.org/@esbuild%2flinux-riscv64 cache-miss
111 http cache https://registry.npmjs.org/@esbuild%2flinux-x64 39ms (cache hit)
112 silly packumentCache full:https://registry.npmjs.org/@esbuild%2flinux-x64 set size:198942 disposed:false
113 silly fetch manifest @esbuild/openbsd-arm64@0.28.2
114 silly packumentCache full:https://registry.npmjs.org/@esbuild%2fopenbsd-arm64 cache-miss
115 http cache https://registry.npmjs.org/@esbuild%2ffreebsd-x64 39ms (cache hit)
116 silly packumentCache full:https://registry.npmjs.org/@esbuild%2ffreebsd-x64 set size:200565 disposed:false
117 silly fetch manifest @esbuild/linux-mips64el@0.28.2
118 silly packumentCache full:https://registry.npmjs.org/@esbuild%2flinux-mips64el cache-miss
119 http cache https://registry.npmjs.org/@esbuild%2fandroid-arm 41ms (cache hit)
120 silly packumentCache full:https://registry.npmjs.org/@esbuild%2fandroid-arm set size:225217 disposed:false
121 silly fetch manifest @esbuild/openharmony-arm64@0.28.2
122 silly packumentCache full:https://registry.npmjs.org/@esbuild%2fopenharmony-arm64 cache-miss
123 http cache https://registry.npmjs.org/@esbuild%2flinux-arm64 43ms (cache hit)
124 silly packumentCache full:https://registry.npmjs.org/@esbuild%2flinux-arm64 set size:200773 disposed:false
125 http cache https://registry.npmjs.org/@esbuild%2fwin32-ia32 44ms (cache hit)
126 silly packumentCache full:https://registry.npmjs.org/@esbuild%2fwin32-ia32 set size:199854 disposed:false
127 http cache https://registry.npmjs.org/@esbuild%2flinux-ppc64 46ms (cache hit)
128 silly packumentCache full:https://registry.npmjs.org/@esbuild%2flinux-ppc64 set size:202845 disposed:false
129 http cache https://registry.npmjs.org/@esbuild%2flinux-s390x 49ms (cache hit)
130 silly packumentCache full:https://registry.npmjs.org/@esbuild%2flinux-s390x set size:202310 disposed:false
131 http cache https://registry.npmjs.org/@esbuild%2fnetbsd-arm64 28ms (cache hit)
132 silly packumentCache full:https://registry.npmjs.org/@esbuild%2fnetbsd-arm64 set size:44308 disposed:false
133 http cache https://registry.npmjs.org/@esbuild%2fwin32-arm64 33ms (cache hit)
134 silly packumentCache full:https://registry.npmjs.org/@esbuild%2fwin32-arm64 set size:201005 disposed:false
135 http cache https://registry.npmjs.org/@esbuild%2fopenbsd-x64 36ms (cache hit)
136 silly packumentCache full:https://registry.npmjs.org/@esbuild%2fopenbsd-x64 set size:200576 disposed:false
137 http cache https://registry.npmjs.org/@esbuild%2fandroid-arm64 30ms (cache hit)
138 silly packumentCache full:https://registry.npmjs.org/@esbuild%2fandroid-arm64 set size:204216 disposed:false
139 http cache https://registry.npmjs.org/@esbuild%2fopenbsd-arm64 25ms (cache hit)
140 silly packumentCache full:https://registry.npmjs.org/@esbuild%2fopenbsd-arm64 set size:49642 disposed:false
141 http cache https://registry.npmjs.org/@esbuild%2fdarwin-arm64 37ms (cache hit)
142 silly packumentCache full:https://registry.npmjs.org/@esbuild%2fdarwin-arm64 set size:201471 disposed:false
143 http cache https://registry.npmjs.org/@esbuild%2flinux-loong64 31ms (cache hit)
144 silly packumentCache full:https://registry.npmjs.org/@esbuild%2flinux-loong64 set size:255749 disposed:false
145 http cache https://registry.npmjs.org/@esbuild%2ffreebsd-arm64 34ms (cache hit)
146 silly packumentCache full:https://registry.npmjs.org/@esbuild%2ffreebsd-arm64 set size:202383 disposed:false
147 http cache https://registry.npmjs.org/@esbuild%2fopenharmony-arm64 26ms (cache hit)
148 silly packumentCache full:https://registry.npmjs.org/@esbuild%2fopenharmony-arm64 set size:33054 disposed:false
149 http cache https://registry.npmjs.org/@esbuild%2flinux-riscv64 32ms (cache hit)
150 silly packumentCache full:https://registry.npmjs.org/@esbuild%2flinux-riscv64 set size:202512 disposed:false
151 http cache https://registry.npmjs.org/@esbuild%2flinux-mips64el 30ms (cache hit)
152 silly packumentCache full:https://registry.npmjs.org/@esbuild%2flinux-mips64el set size:204633 disposed:false
153 silly placeDep ROOT @esbuild/aix-ppc64@0.28.2 OK for: esbuild@0.28.2 want: 0.28.2
154 silly placeDep ROOT @esbuild/android-arm@0.28.2 OK for: esbuild@0.28.2 want: 0.28.2
155 silly placeDep ROOT @esbuild/android-arm64@0.28.2 OK for: esbuild@0.28.2 want: 0.28.2
156 silly placeDep ROOT @esbuild/android-x64@0.28.2 OK for: esbuild@0.28.2 want: 0.28.2
157 silly placeDep ROOT @esbuild/darwin-arm64@0.28.2 OK for: esbuild@0.28.2 want: 0.28.2
158 silly placeDep ROOT @esbuild/darwin-x64@0.28.2 OK for: esbuild@0.28.2 want: 0.28.2
159 silly placeDep ROOT @esbuild/freebsd-arm64@0.28.2 OK for: esbuild@0.28.2 want: 0.28.2
160 silly placeDep ROOT @esbuild/freebsd-x64@0.28.2 OK for: esbuild@0.28.2 want: 0.28.2
161 silly placeDep ROOT @esbuild/linux-arm@0.28.2 OK for: esbuild@0.28.2 want: 0.28.2
162 silly placeDep ROOT @esbuild/linux-arm64@0.28.2 OK for: esbuild@0.28.2 want: 0.28.2
163 silly placeDep ROOT @esbuild/linux-ia32@0.28.2 OK for: esbuild@0.28.2 want: 0.28.2
164 silly placeDep ROOT @esbuild/linux-loong64@0.28.2 OK for: esbuild@0.28.2 want: 0.28.2
165 silly placeDep ROOT @esbuild/linux-mips64el@0.28.2 OK for: esbuild@0.28.2 want: 0.28.2
166 silly placeDep ROOT @esbuild/linux-ppc64@0.28.2 OK for: esbuild@0.28.2 want: 0.28.2
167 silly placeDep ROOT @esbuild/linux-riscv64@0.28.2 OK for: esbuild@0.28.2 want: 0.28.2
168 silly placeDep ROOT @esbuild/linux-s390x@0.28.2 OK for: esbuild@0.28.2 want: 0.28.2
169 silly placeDep ROOT @esbuild/linux-x64@0.28.2 OK for: esbuild@0.28.2 want: 0.28.2
170 silly placeDep ROOT @esbuild/netbsd-arm64@0.28.2 OK for: esbuild@0.28.2 want: 0.28.2
171 silly placeDep ROOT @esbuild/netbsd-x64@0.28.2 OK for: esbuild@0.28.2 want: 0.28.2
172 silly placeDep ROOT @esbuild/openbsd-arm64@0.28.2 OK for: esbuild@0.28.2 want: 0.28.2
173 silly placeDep ROOT @esbuild/openbsd-x64@0.28.2 OK for: esbuild@0.28.2 want: 0.28.2
174 silly placeDep ROOT @esbuild/openharmony-arm64@0.28.2 OK for: esbuild@0.28.2 want: 0.28.2
175 silly placeDep ROOT @esbuild/sunos-x64@0.28.2 OK for: esbuild@0.28.2 want: 0.28.2
176 silly placeDep ROOT @esbuild/win32-arm64@0.28.2 OK for: esbuild@0.28.2 want: 0.28.2
177 silly placeDep ROOT @esbuild/win32-ia32@0.28.2 OK for: esbuild@0.28.2 want: 0.28.2
178 silly placeDep ROOT @esbuild/win32-x64@0.28.2 OK for: esbuild@0.28.2 want: 0.28.2
179 silly reify moves {}
180 http cache @esbuild/win32-x64@https://registry.npmjs.org/@esbuild/win32-x64/-/win32-x64-0.28.2.tgz 0ms (cache hit)
181 http cache typescript@https://registry.npmjs.org/typescript/-/typescript-5.9.3.tgz 0ms (cache hit)
182 http cache tsx@https://registry.npmjs.org/tsx/-/tsx-4.23.12.tgz 0ms (cache hit)
183 http cache yaml@https://registry.npmjs.org/yaml/-/yaml-2.9.0.tgz 0ms (cache hit)
184 http cache esbuild@https://registry.npmjs.org/esbuild/-/esbuild-0.28.2.tgz 0ms (cache hit)
185 http cache @types/node@https://registry.npmjs.org/@types/node/-/node-24.13.3.tgz 0ms (cache hit)
186 http cache undici-types@https://registry.npmjs.org/undici-types/-/undici-types-7.18.2.tgz 0ms (cache hit)
187 silly ADD node_modules/@esbuild/win32-x64
188 silly ADD node_modules/esbuild
189 silly ADD node_modules/undici-types
190 silly ADD node_modules/yaml
191 silly ADD node_modules/typescript
192 silly ADD node_modules/tsx
193 silly ADD node_modules/@types/node
194 verbose cwd D:\其他\OpenCode\Connect-Core
195 verbose os Windows_NT 10.0.22631
196 verbose node v24.15.0
197 verbose npm  v11.12.1
198 verbose exit 0
199 info ok
