0 verbose cli C:\Program Files\nodejs\node.exe C:\Program Files\nodejs\node_modules\npm\bin\npm-cli.js
1 info using npm@11.12.1
2 info using node@v24.15.0
3 silly config load:file:C:\Program Files\nodejs\node_modules\npm\npmrc
4 silly config load:file:D:\其他\OpenCode\Connect-Core\.npmrc
5 silly config load:file:C:\Users\wsaasw\.npmrc
6 silly config load:file:C:\Users\wsaasw\AppData\Roaming\npm\etc\npmrc
7 verbose title npm install
8 verbose argv "install" "--cache" ".npm-cache" "--no-audit" "--no-fund"
9 verbose logfile logs-max:10 dir:D:\其他\OpenCode\Connect-Core\.npm-cache\_logs\2026-08-16T10_55_07_601Z-
10 verbose logfile D:\其他\OpenCode\Connect-Core\.npm-cache\_logs\2026-08-16T10_55_07_601Z-debug-0.log
11 silly logfile done cleaning log files
12 silly packumentCache heap:4496293888 maxSize:1124073472 maxEntrySize:562036736
13 silly idealTree buildDeps
14 silly fetch manifest yaml@^2.5.1
15 silly packumentCache full:https://registry.npmjs.org/yaml cache-miss
16 http fetch GET 200 https://registry.npmjs.org/npm 2389ms
17 http fetch GET 200 https://registry.npmjs.org/yaml 2964ms (cache miss)
18 silly packumentCache full:https://registry.npmjs.org/yaml set size:undefined disposed:false
19 silly fetch manifest @types/node@^24.0.0
20 silly packumentCache full:https://registry.npmjs.org/@types%2fnode cache-miss
21 http fetch GET 200 https://registry.npmjs.org/@types%2fnode 3351ms (cache miss)
22 silly packumentCache full:https://registry.npmjs.org/@types%2fnode set size:undefined disposed:false
23 silly fetch manifest tsx@^4.19.2
24 silly packumentCache full:https://registry.npmjs.org/tsx cache-miss
25 http fetch GET 200 https://registry.npmjs.org/tsx 542ms (cache miss)
26 silly packumentCache full:https://registry.npmjs.org/tsx set size:undefined disposed:false
27 silly fetch manifest typescript@^5.6.3
28 silly packumentCache full:https://registry.npmjs.org/typescript cache-miss
29 http fetch GET 200 https://registry.npmjs.org/typescript 3121ms (cache miss)
30 silly packumentCache full:https://registry.npmjs.org/typescript set size:undefined disposed:false
31 silly placeDep ROOT @types/node@24.13.3 OK for: connect-core@0.1.0 want: ^24.0.0
32 silly placeDep ROOT tsx@4.23.12 OK for: connect-core@0.1.0 want: ^4.19.2
33 silly placeDep ROOT typescript@5.9.3 OK for: connect-core@0.1.0 want: ^5.6.3
34 silly placeDep ROOT yaml@2.9.0 OK for: connect-core@0.1.0 want: ^2.5.1
35 silly fetch manifest undici-types@~7.18.0
36 silly packumentCache full:https://registry.npmjs.org/undici-types cache-miss
37 silly fetch manifest esbuild@~0.28.0
38 silly packumentCache full:https://registry.npmjs.org/esbuild cache-miss
39 silly fetch manifest fsevents@~2.3.3
40 silly packumentCache full:https://registry.npmjs.org/fsevents cache-miss
41 http fetch GET 200 https://registry.npmjs.org/undici-types 767ms (cache miss)
42 silly packumentCache full:https://registry.npmjs.org/undici-types set size:undefined disposed:false
43 http fetch GET 200 https://registry.npmjs.org/fsevents 1526ms (cache miss)
44 silly packumentCache full:https://registry.npmjs.org/fsevents set size:undefined disposed:false
45 http fetch GET 200 https://registry.npmjs.org/esbuild 1874ms (cache miss)
46 silly packumentCache full:https://registry.npmjs.org/esbuild set size:undefined disposed:false
47 silly placeDep ROOT undici-types@7.18.2 OK for: @types/node@24.13.3 want: ~7.18.0
48 silly placeDep ROOT esbuild@0.28.2 OK for: tsx@4.23.12 want: ~0.28.0
49 silly placeDep ROOT fsevents@2.3.3 OK for: tsx@4.23.12 want: ~2.3.3
50 silly fetch manifest @esbuild/aix-ppc64@0.28.2
51 silly packumentCache full:https://registry.npmjs.org/@esbuild%2faix-ppc64 cache-miss
52 silly fetch manifest @esbuild/linux-arm@0.28.2
53 silly packumentCache full:https://registry.npmjs.org/@esbuild%2flinux-arm cache-miss
54 silly fetch manifest @esbuild/linux-x64@0.28.2
55 silly packumentCache full:https://registry.npmjs.org/@esbuild%2flinux-x64 cache-miss
56 silly fetch manifest @esbuild/sunos-x64@0.28.2
57 silly packumentCache full:https://registry.npmjs.org/@esbuild%2fsunos-x64 cache-miss
58 silly fetch manifest @esbuild/win32-x64@0.28.2
59 silly packumentCache full:https://registry.npmjs.org/@esbuild%2fwin32-x64 cache-miss
60 silly fetch manifest @esbuild/darwin-x64@0.28.2
61 silly packumentCache full:https://registry.npmjs.org/@esbuild%2fdarwin-x64 cache-miss
62 silly fetch manifest @esbuild/linux-ia32@0.28.2
63 silly packumentCache full:https://registry.npmjs.org/@esbuild%2flinux-ia32 cache-miss
64 silly fetch manifest @esbuild/netbsd-x64@0.28.2
65 silly packumentCache full:https://registry.npmjs.org/@esbuild%2fnetbsd-x64 cache-miss
66 silly fetch manifest @esbuild/win32-ia32@0.28.2
67 silly packumentCache full:https://registry.npmjs.org/@esbuild%2fwin32-ia32 cache-miss
68 silly fetch manifest @esbuild/android-arm@0.28.2
69 silly packumentCache full:https://registry.npmjs.org/@esbuild%2fandroid-arm cache-miss
70 silly fetch manifest @esbuild/android-x64@0.28.2
71 silly packumentCache full:https://registry.npmjs.org/@esbuild%2fandroid-x64 cache-miss
72 silly fetch manifest @esbuild/freebsd-x64@0.28.2
73 silly packumentCache full:https://registry.npmjs.org/@esbuild%2ffreebsd-x64 cache-miss
74 silly fetch manifest @esbuild/linux-arm64@0.28.2
75 silly packumentCache full:https://registry.npmjs.org/@esbuild%2flinux-arm64 cache-miss
76 silly fetch manifest @esbuild/linux-ppc64@0.28.2
77 silly packumentCache full:https://registry.npmjs.org/@esbuild%2flinux-ppc64 cache-miss
78 silly fetch manifest @esbuild/linux-s390x@0.28.2
79 silly packumentCache full:https://registry.npmjs.org/@esbuild%2flinux-s390x cache-miss
80 http fetch GET 200 https://registry.npmjs.org/@esbuild%2faix-ppc64 528ms (cache miss)
81 silly packumentCache full:https://registry.npmjs.org/@esbuild%2faix-ppc64 set size:undefined disposed:false
82 silly fetch manifest @esbuild/openbsd-x64@0.28.2
83 silly packumentCache full:https://registry.npmjs.org/@esbuild%2fopenbsd-x64 cache-miss
84 http fetch GET 200 https://registry.npmjs.org/@esbuild%2flinux-x64 929ms (cache miss)
85 silly packumentCache full:https://registry.npmjs.org/@esbuild%2flinux-x64 set size:undefined disposed:false
86 silly fetch manifest @esbuild/win32-arm64@0.28.2
87 silly packumentCache full:https://registry.npmjs.org/@esbuild%2fwin32-arm64 cache-miss
88 http fetch GET 200 https://registry.npmjs.org/@esbuild%2flinux-s390x 950ms (cache miss)
89 silly packumentCache full:https://registry.npmjs.org/@esbuild%2flinux-s390x set size:undefined disposed:false
90 silly fetch manifest @esbuild/darwin-arm64@0.28.2
91 silly packumentCache full:https://registry.npmjs.org/@esbuild%2fdarwin-arm64 cache-miss
92 http fetch GET 200 https://registry.npmjs.org/@esbuild%2flinux-ppc64 960ms (cache miss)
93 silly packumentCache full:https://registry.npmjs.org/@esbuild%2flinux-ppc64 set size:undefined disposed:false
94 silly fetch manifest @esbuild/netbsd-arm64@0.28.2
95 silly packumentCache full:https://registry.npmjs.org/@esbuild%2fnetbsd-arm64 cache-miss
96 http fetch GET 200 https://registry.npmjs.org/@esbuild%2fopenbsd-x64 554ms (cache miss)
97 silly packumentCache full:https://registry.npmjs.org/@esbuild%2fopenbsd-x64 set size:undefined disposed:false
98 silly fetch manifest @esbuild/android-arm64@0.28.2
99 silly packumentCache full:https://registry.npmjs.org/@esbuild%2fandroid-arm64 cache-miss
100 http fetch GET 200 https://registry.npmjs.org/@esbuild%2flinux-arm64 1086ms (cache miss)
101 silly packumentCache full:https://registry.npmjs.org/@esbuild%2flinux-arm64 set size:undefined disposed:false
102 silly fetch manifest @esbuild/freebsd-arm64@0.28.2
103 silly packumentCache full:https://registry.npmjs.org/@esbuild%2ffreebsd-arm64 cache-miss
104 http fetch GET 200 https://registry.npmjs.org/@esbuild%2ffreebsd-x64 1102ms (cache miss)
105 silly packumentCache full:https://registry.npmjs.org/@esbuild%2ffreebsd-x64 set size:undefined disposed:false
106 silly fetch manifest @esbuild/linux-loong64@0.28.2
107 silly packumentCache full:https://registry.npmjs.org/@esbuild%2flinux-loong64 cache-miss
108 http fetch GET 200 https://registry.npmjs.org/@esbuild%2fandroid-arm 1112ms (cache miss)
109 silly packumentCache full:https://registry.npmjs.org/@esbuild%2fandroid-arm set size:undefined disposed:false
110 silly fetch manifest @esbuild/linux-riscv64@0.28.2
111 silly packumentCache full:https://registry.npmjs.org/@esbuild%2flinux-riscv64 cache-miss
112 http fetch GET 200 https://registry.npmjs.org/@esbuild%2fnetbsd-x64 1195ms (cache miss)
113 silly packumentCache full:https://registry.npmjs.org/@esbuild%2fnetbsd-x64 set size:undefined disposed:false
114 silly fetch manifest @esbuild/openbsd-arm64@0.28.2
115 silly packumentCache full:https://registry.npmjs.org/@esbuild%2fopenbsd-arm64 cache-miss
116 http fetch GET 200 https://registry.npmjs.org/@esbuild%2fnetbsd-arm64 237ms (cache miss)
117 silly packumentCache full:https://registry.npmjs.org/@esbuild%2fnetbsd-arm64 set size:undefined disposed:false
118 silly fetch manifest @esbuild/linux-mips64el@0.28.2
119 silly packumentCache full:https://registry.npmjs.org/@esbuild%2flinux-mips64el cache-miss
120 http fetch GET 200 https://registry.npmjs.org/@esbuild%2fdarwin-arm64 272ms (cache miss)
121 silly packumentCache full:https://registry.npmjs.org/@esbuild%2fdarwin-arm64 set size:undefined disposed:false
122 silly fetch manifest @esbuild/openharmony-arm64@0.28.2
123 silly packumentCache full:https://registry.npmjs.org/@esbuild%2fopenharmony-arm64 cache-miss
124 http fetch GET 200 https://registry.npmjs.org/@esbuild%2flinux-arm 1268ms (cache miss)
125 silly packumentCache full:https://registry.npmjs.org/@esbuild%2flinux-arm set size:undefined disposed:false
126 http fetch GET 200 https://registry.npmjs.org/@esbuild%2ffreebsd-arm64 277ms (cache miss)
127 silly packumentCache full:https://registry.npmjs.org/@esbuild%2ffreebsd-arm64 set size:undefined disposed:false
128 http fetch GET 200 https://registry.npmjs.org/@esbuild%2fopenbsd-arm64 255ms (cache miss)
129 silly packumentCache full:https://registry.npmjs.org/@esbuild%2fopenbsd-arm64 set size:undefined disposed:false
130 http fetch GET 200 https://registry.npmjs.org/@esbuild%2flinux-ia32 1467ms (cache miss)
131 silly packumentCache full:https://registry.npmjs.org/@esbuild%2flinux-ia32 set size:undefined disposed:false
132 http fetch GET 200 https://registry.npmjs.org/@esbuild%2fopenharmony-arm64 245ms (cache miss)
133 silly packumentCache full:https://registry.npmjs.org/@esbuild%2fopenharmony-arm64 set size:undefined disposed:false
134 http fetch GET 200 https://registry.npmjs.org/@esbuild%2flinux-loong64 479ms (cache miss)
135 silly packumentCache full:https://registry.npmjs.org/@esbuild%2flinux-loong64 set size:undefined disposed:false
136 http fetch GET 200 https://registry.npmjs.org/@esbuild%2flinux-riscv64 509ms (cache miss)
137 silly packumentCache full:https://registry.npmjs.org/@esbuild%2flinux-riscv64 set size:undefined disposed:false
138 http fetch GET 200 https://registry.npmjs.org/@esbuild%2fwin32-arm64 763ms (cache miss)
139 silly packumentCache full:https://registry.npmjs.org/@esbuild%2fwin32-arm64 set size:undefined disposed:false
140 http fetch GET 200 https://registry.npmjs.org/@esbuild%2flinux-mips64el 759ms (cache miss)
141 silly packumentCache full:https://registry.npmjs.org/@esbuild%2flinux-mips64el set size:undefined disposed:false
142 http fetch GET 200 https://registry.npmjs.org/@esbuild%2fwin32-ia32 2108ms (cache miss)
143 silly packumentCache full:https://registry.npmjs.org/@esbuild%2fwin32-ia32 set size:undefined disposed:false
144 http fetch GET 200 https://registry.npmjs.org/@esbuild%2fandroid-x64 2137ms (cache miss)
145 silly packumentCache full:https://registry.npmjs.org/@esbuild%2fandroid-x64 set size:undefined disposed:false
146 http fetch GET 200 https://registry.npmjs.org/@esbuild%2fsunos-x64 2570ms (cache miss)
147 silly packumentCache full:https://registry.npmjs.org/@esbuild%2fsunos-x64 set size:undefined disposed:false
148 http fetch GET 200 https://registry.npmjs.org/@esbuild%2fwin32-x64 2618ms (cache miss)
149 silly packumentCache full:https://registry.npmjs.org/@esbuild%2fwin32-x64 set size:undefined disposed:false
150 http fetch GET 200 https://registry.npmjs.org/@esbuild%2fdarwin-x64 3272ms (cache miss)
151 silly packumentCache full:https://registry.npmjs.org/@esbuild%2fdarwin-x64 set size:undefined disposed:false
152 http fetch GET 200 https://registry.npmjs.org/@esbuild%2fandroid-arm64 2699ms (cache miss)
153 silly packumentCache full:https://registry.npmjs.org/@esbuild%2fandroid-arm64 set size:undefined disposed:false
154 silly placeDep ROOT @esbuild/aix-ppc64@0.28.2 OK for: esbuild@0.28.2 want: 0.28.2
155 silly placeDep ROOT @esbuild/android-arm@0.28.2 OK for: esbuild@0.28.2 want: 0.28.2
156 silly placeDep ROOT @esbuild/android-arm64@0.28.2 OK for: esbuild@0.28.2 want: 0.28.2
157 silly placeDep ROOT @esbuild/android-x64@0.28.2 OK for: esbuild@0.28.2 want: 0.28.2
158 silly placeDep ROOT @esbuild/darwin-arm64@0.28.2 OK for: esbuild@0.28.2 want: 0.28.2
159 silly placeDep ROOT @esbuild/darwin-x64@0.28.2 OK for: esbuild@0.28.2 want: 0.28.2
160 silly placeDep ROOT @esbuild/freebsd-arm64@0.28.2 OK for: esbuild@0.28.2 want: 0.28.2
161 silly placeDep ROOT @esbuild/freebsd-x64@0.28.2 OK for: esbuild@0.28.2 want: 0.28.2
162 silly placeDep ROOT @esbuild/linux-arm@0.28.2 OK for: esbuild@0.28.2 want: 0.28.2
163 silly placeDep ROOT @esbuild/linux-arm64@0.28.2 OK for: esbuild@0.28.2 want: 0.28.2
164 silly placeDep ROOT @esbuild/linux-ia32@0.28.2 OK for: esbuild@0.28.2 want: 0.28.2
165 silly placeDep ROOT @esbuild/linux-loong64@0.28.2 OK for: esbuild@0.28.2 want: 0.28.2
166 silly placeDep ROOT @esbuild/linux-mips64el@0.28.2 OK for: esbuild@0.28.2 want: 0.28.2
167 silly placeDep ROOT @esbuild/linux-ppc64@0.28.2 OK for: esbuild@0.28.2 want: 0.28.2
168 silly placeDep ROOT @esbuild/linux-riscv64@0.28.2 OK for: esbuild@0.28.2 want: 0.28.2
169 silly placeDep ROOT @esbuild/linux-s390x@0.28.2 OK for: esbuild@0.28.2 want: 0.28.2
170 silly placeDep ROOT @esbuild/linux-x64@0.28.2 OK for: esbuild@0.28.2 want: 0.28.2
171 silly placeDep ROOT @esbuild/netbsd-arm64@0.28.2 OK for: esbuild@0.28.2 want: 0.28.2
172 silly placeDep ROOT @esbuild/netbsd-x64@0.28.2 OK for: esbuild@0.28.2 want: 0.28.2
173 silly placeDep ROOT @esbuild/openbsd-arm64@0.28.2 OK for: esbuild@0.28.2 want: 0.28.2
174 silly placeDep ROOT @esbuild/openbsd-x64@0.28.2 OK for: esbuild@0.28.2 want: 0.28.2
175 silly placeDep ROOT @esbuild/openharmony-arm64@0.28.2 OK for: esbuild@0.28.2 want: 0.28.2
176 silly placeDep ROOT @esbuild/sunos-x64@0.28.2 OK for: esbuild@0.28.2 want: 0.28.2
177 silly placeDep ROOT @esbuild/win32-arm64@0.28.2 OK for: esbuild@0.28.2 want: 0.28.2
178 silly placeDep ROOT @esbuild/win32-ia32@0.28.2 OK for: esbuild@0.28.2 want: 0.28.2
179 silly placeDep ROOT @esbuild/win32-x64@0.28.2 OK for: esbuild@0.28.2 want: 0.28.2
180 silly reify moves {}
181 http cache @esbuild/win32-x64@https://registry.npmjs.org/@esbuild/win32-x64/-/win32-x64-0.28.2.tgz 0ms (cache hit)
182 http cache esbuild@https://registry.npmjs.org/esbuild/-/esbuild-0.28.2.tgz 0ms (cache hit)
183 http cache undici-types@https://registry.npmjs.org/undici-types/-/undici-types-7.18.2.tgz 0ms (cache hit)
184 http cache yaml@https://registry.npmjs.org/yaml/-/yaml-2.9.0.tgz 0ms (cache hit)
185 silly tarball no local data for @esbuild/win32-x64@https://registry.npmjs.org/@esbuild/win32-x64/-/win32-x64-0.28.2.tgz. Extracting by manifest.
186 http cache typescript@https://registry.npmjs.org/typescript/-/typescript-5.9.3.tgz 0ms (cache hit)
187 silly tarball no local data for esbuild@https://registry.npmjs.org/esbuild/-/esbuild-0.28.2.tgz. Extracting by manifest.
188 http cache @types/node@https://registry.npmjs.org/@types/node/-/node-24.13.3.tgz 0ms (cache hit)
189 silly tarball no local data for undici-types@https://registry.npmjs.org/undici-types/-/undici-types-7.18.2.tgz. Extracting by manifest.
190 http cache tsx@https://registry.npmjs.org/tsx/-/tsx-4.23.12.tgz 0ms (cache hit)
191 silly tarball no local data for yaml@https://registry.npmjs.org/yaml/-/yaml-2.9.0.tgz. Extracting by manifest.
192 silly tarball no local data for typescript@https://registry.npmjs.org/typescript/-/typescript-5.9.3.tgz. Extracting by manifest.
193 silly tarball no local data for @types/node@https://registry.npmjs.org/@types/node/-/node-24.13.3.tgz. Extracting by manifest.
194 silly tarball no local data for tsx@https://registry.npmjs.org/tsx/-/tsx-4.23.12.tgz. Extracting by manifest.
195 http fetch GET 200 https://registry.npmjs.org/undici-types/-/undici-types-7.18.2.tgz 671ms (cache miss)
196 http fetch GET 200 https://registry.npmjs.org/esbuild/-/esbuild-0.28.2.tgz 681ms (cache miss)
197 http fetch GET 200 https://registry.npmjs.org/yaml/-/yaml-2.9.0.tgz 1438ms (cache miss)
198 http fetch GET 200 https://registry.npmjs.org/tsx/-/tsx-4.23.12.tgz 1442ms (cache miss)
199 http fetch GET 200 https://registry.npmjs.org/@types/node/-/node-24.13.3.tgz 2150ms (cache miss)
200 http fetch GET 200 https://registry.npmjs.org/typescript/-/typescript-5.9.3.tgz 14782ms (cache miss)
201 http fetch GET 200 https://registry.npmjs.org/@esbuild/win32-x64/-/win32-x64-0.28.2.tgz 22626ms (cache miss)
202 info run esbuild@0.28.2 postinstall node_modules/esbuild node install.js
203 info run esbuild@0.28.2 postinstall { code: 'EPERM', signal: undefined }
204 warn cleanup Failed to remove some directories [
204 warn cleanup   [
204 warn cleanup     '\\\\?\\D:\\其他\\OpenCode\\Connect-Core\\node_modules',
204 warn cleanup     [Error: EPERM: operation not permitted, rmdir 'D:\其他\OpenCode\Connect-Core\node_modules\undici-types'] {
204 warn cleanup       errno: -4048,
204 warn cleanup       code: 'EPERM',
204 warn cleanup       syscall: 'rmdir',
204 warn cleanup       path: 'D:\\其他\\OpenCode\\Connect-Core\\node_modules\\undici-types'
204 warn cleanup     }
204 warn cleanup   ]
204 warn cleanup ]
205 verbose stack Error: spawn EPERM
205 verbose stack     at ChildProcess.spawn (node:internal/child_process:441:11)
205 verbose stack     at spawn (node:child_process:796:9)
205 verbose stack     at promiseSpawn (C:\Program Files\nodejs\node_modules\npm\node_modules\@npmcli\promise-spawn\lib\index.js:39:16)
205 verbose stack     at spawnWithShell (C:\Program Files\nodejs\node_modules\npm\node_modules\@npmcli\promise-spawn\lib\index.js:124:10)
205 verbose stack     at promiseSpawn (C:\Program Files\nodejs\node_modules\npm\node_modules\@npmcli\promise-spawn\lib\index.js:12:12)
205 verbose stack     at runScriptPkg (C:\Program Files\nodejs\node_modules\npm\node_modules\@npmcli\run-script\lib\run-script-pkg.js:79:13)
205 verbose stack     at runScript (C:\Program Files\nodejs\node_modules\npm\node_modules\@npmcli\run-script\lib\run-script.js:9:12)
205 verbose stack     at C:\Program Files\nodejs\node_modules\npm\node_modules\@npmcli\arborist\lib\arborist\rebuild.js:328:17
205 verbose stack     at run (C:\Program Files\nodejs\node_modules\npm\node_modules\promise-call-limit\dist\commonjs\index.js:67:22)
205 verbose stack     at C:\Program Files\nodejs\node_modules\npm\node_modules\promise-call-limit\dist\commonjs\index.js:84:9
206 error code EPERM
207 error syscall spawn
208 error errno -4048
209 error Error: spawn EPERM
209 error     at ChildProcess.spawn (node:internal/child_process:441:11)
209 error     at spawn (node:child_process:796:9)
209 error     at promiseSpawn (C:\Program Files\nodejs\node_modules\npm\node_modules\@npmcli\promise-spawn\lib\index.js:39:16)
209 error     at spawnWithShell (C:\Program Files\nodejs\node_modules\npm\node_modules\@npmcli\promise-spawn\lib\index.js:124:10)
209 error     at promiseSpawn (C:\Program Files\nodejs\node_modules\npm\node_modules\@npmcli\promise-spawn\lib\index.js:12:12)
209 error     at runScriptPkg (C:\Program Files\nodejs\node_modules\npm\node_modules\@npmcli\run-script\lib\run-script-pkg.js:79:13)
209 error     at runScript (C:\Program Files\nodejs\node_modules\npm\node_modules\@npmcli\run-script\lib\run-script.js:9:12)
209 error     at C:\Program Files\nodejs\node_modules\npm\node_modules\@npmcli\arborist\lib\arborist\rebuild.js:328:17
209 error     at run (C:\Program Files\nodejs\node_modules\npm\node_modules\promise-call-limit\dist\commonjs\index.js:67:22)
209 error     at C:\Program Files\nodejs\node_modules\npm\node_modules\promise-call-limit\dist\commonjs\index.js:84:9 {
209 error   errno: -4048,
209 error   code: 'EPERM',
209 error   syscall: 'spawn'
209 error }
210 error
210 error The operation was rejected by your operating system.
210 error It's possible that the file was already in use (by a text editor or antivirus), or that you lack permissions to access it.
210 error
210 error If you believe this might be a permissions issue, please double-check the permissions of the file and its containing directories, or try running the command again as root/Administrator.
211 silly unfinished npm timer reify 1786877708335
212 silly unfinished npm timer reify:build 1786877746858
213 silly unfinished npm timer build 1786877746859
214 silly unfinished npm timer build:deps 1786877746859
215 silly unfinished npm timer build:run:postinstall 1786877746878
216 silly unfinished npm timer build:run:postinstall:node_modules/esbuild 1786877746879
217 verbose cwd D:\其他\OpenCode\Connect-Core
218 verbose os Windows_NT 10.0.22631
219 verbose node v24.15.0
220 verbose npm  v11.12.1
221 notice
221 notice New major version of npm available! 11.12.1 -> 12.0.2
221 notice Changelog: https://github.com/npm/cli/releases/tag/v12.0.2
221 notice To update run: npm install -g npm@12.0.2
221 notice  { force: true, Symbol(proc-log.meta): true }
222 verbose exit -4048
223 verbose code -4048
224 error A complete log of this run can be found in: D:\其他\OpenCode\Connect-Core\.npm-cache\_logs\2026-08-16T10_55_07_601Z-debug-0.log
